{
  "version": "4.3.2",
  "file": "Control-Emprende-4.3.2-Windows-x64-Instalador.exe",
  "platform": "windows-x64",
  "size_bytes": 105775633,
  "sha256": "0334890632d24a647a5951405db1fc6711dd16ad2a2ac6db2dedce432ff2749a",
  "parts": [
    {
      "url": "/descargas/control-emprende-4.3.2-0334890632d2-01.bin",
      "size_bytes": 16777216,
      "sha256": "1c8199ec627e34cee598e5e335af481df2f81eb86b2095f86509a8d30bf81fd9"
    },
    {
      "url": "/descargas/control-emprende-4.3.2-0334890632d2-02.bin",
      "size_bytes": 16777216,
      "sha256": "c8b7b9085a3bf1f00ffaca3e1bec5113b7b707cf7c857487e477bd14d1c15fc6"
    },
    {
      "url": "/descargas/control-emprende-4.3.2-0334890632d2-03.bin",
      "size_bytes": 16777216,
      "sha256": "eb1aa0d021262e8d0790ab6c39b523261b04295371abbbffc32f6335c5462d2c"
    },
    {
      "url": "/descargas/control-emprende-4.3.2-0334890632d2-04.bin",
      "size_bytes": 16777216,
      "sha256": "944c89aa1bb26496698e559d724886ddede0eb338a949509c085fdbd33ebc991"
    },
    {
      "url": "/descargas/control-emprende-4.3.2-0334890632d2-05.bin",
      "size_bytes": 16777216,
      "sha256": "27f0321df71a8672420a4322b21e9cf10f4197a6c5995435e577237121ada1f4"
    },
    {
      "url": "/descargas/control-emprende-4.3.2-0334890632d2-06.bin",
      "size_bytes": 16777216,
      "sha256": "d0ace53d40999c627b33d8a76a1ea2b86a70fd2288905ce5b6da05a432b3c4cc"
    },
    {
      "url": "/descargas/control-emprende-4.3.2-0334890632d2-07.bin",
      "size_bytes": 5112337,
      "sha256": "46452475a7291e79f338d562f73e53655a6eb82f202235f0b9d4f3d470c23420"
    }
  ]
}
