
> test
> node --test tests/*.test.mjs

✔ 15 días exactos; al vencer conserva lectura y exportación (1.507036ms)
✔ Período pagado y revocación no eliminan lectura ni respaldo (0.278165ms)
✔ Solo el pago aprobado, completo, del comercio y ambiente correctos habilita acceso (0.983092ms)
✔ Webhook exige firma válida, identificador de pago, solicitud y tiempo reciente (93.753946ms)
✔ Licencia emitida se verifica con clave pública; contenido alterado no verifica (26.270278ms)
✔ Prueba de 15 días persistente; volver a registrar no reinicia el plazo (100.981907ms)
✔ Checkout fija 9990 CLP, devuelve sandbox y reutiliza una compra pendiente (15.181598ms)
✔ Pendiente o monto incorrecto no activan; pago confirmado extiende 30 días una sola vez (79.966965ms)
✔ Una compra durante la prueba conserva los días de prueba restantes (14.563325ms)
✔ Regreso del navegador y webhook falsificado no conceden acceso (6.398503ms)
✔ Sin notificación, la consulta al proveedor recupera un pago aprobado (11.043652ms)
✔ Reembolso bloquea edición, conserva respaldo y no se revierte con un evento antiguo (23.774216ms)
✔ La clave pública verifica la licencia y nunca revela la clave privada (5.37781ms)
✔ Credenciales incorrectas no consultan la licencia; producción requiere habilitación explícita (9.708299ms)
ℹ tests 14
ℹ suites 0
ℹ pass 14
ℹ fail 0
ℹ cancelled 0
ℹ skipped 0
ℹ todo 0
ℹ duration_ms 842.479076
npm notice
npm notice New major version of npm available! 11.9.0 -> 12.2.0
npm notice Changelog: https://github.com/npm/cli/releases/tag/v12.2.0
npm notice To update run: npm install -g npm@12.2.0
npm notice
